pos(x,1); x

pos(mbs1ysize,10); pos(mbs1ycentre,0)

pos(x);pos(y); pos(z)

a=1;b=2 

